// Jest Snapshot v1, https://goo.gl/fbAQLP

exports[`transform cyclic 1`] = `
<div
  class="json-html-container json-html-default"
>
  <div
    class="json-html-object"
  >
    <span
      class="json-html-start-bracket"
    >
      {
    </span>
    <div
      class="json-html-body-container"
    >
      <ul
        class="json-html-body"
      >
        <li>
          <span
            class="json-html-key"
          >
            <span
              class="json-html-string"
            >
              test
            </span>
          </span>
          <span
            class="json-html-seperator"
          >
            :
          </span>
          <span
            class="json-html-value"
          >
            <span
              class="json-html-string"
            >
              was
            </span>
          </span>
          <span
            class="json-html-seperator"
          >
            ,
          </span>
        </li>
        <li>
          <span
            class="json-html-key"
          >
            <span
              class="json-html-string"
            >
              moo
            </span>
          </span>
          <span
            class="json-html-seperator"
          >
            :
          </span>
          <span
            class="json-html-value"
          >
            <div
              class="json-html-array"
            >
              <span
                class="json-html-start-bracket"
              >
                [
              </span>
              <div
                class="json-html-body-container"
              >
                <ul
                  class="json-html-body"
                >
                  <li>
                    <span
                      class="json-html-value"
                    >
                      <span
                        class="json-html-string"
                      >
                        foo
                      </span>
                    </span>
                    <span
                      class="json-html-seperator"
                    >
                      ,
                    </span>
                  </li>
                  <li>
                    <span
                      class="json-html-value"
                    >
                      <span
                        class="json-html-string"
                      >
                        bar
                      </span>
                    </span>
                  </li>
                </ul>
              </div>
              <span
                class="json-html-end-bracket"
              >
                ]
              </span>
            </div>
          </span>
          <span
            class="json-html-seperator"
          >
            ,
          </span>
        </li>
        <li>
          <span
            class="json-html-key"
          >
            <span
              class="json-html-string"
            >
              inner
            </span>
          </span>
          <span
            class="json-html-seperator"
          >
            :
          </span>
          <span
            class="json-html-value"
          >
            <div
              class="json-html-object"
            >
              <span
                class="json-html-start-bracket"
              >
                {
              </span>
              <div
                class="json-html-body-container"
              >
                <ul
                  class="json-html-body"
                >
                  <li>
                    <span
                      class="json-html-key"
                    >
                      <span
                        class="json-html-string"
                      >
                        bar
                      </span>
                    </span>
                    <span
                      class="json-html-seperator"
                    >
                      :
                    </span>
                    <span
                      class="json-html-value"
                    >
                      <span
                        class="json-html-number"
                      >
                        1
                      </span>
                    </span>
                    <span
                      class="json-html-seperator"
                    >
                      ,
                    </span>
                  </li>
                  <li>
                    <span
                      class="json-html-key"
                    >
                      <span
                        class="json-html-string"
                      >
                        inner
                      </span>
                    </span>
                    <span
                      class="json-html-seperator"
                    >
                      :
                    </span>
                    <span
                      class="json-html-value"
                    >
                      <span
                        class="json-html-eol-container"
                      >
                        <span
                          class="json-html-left"
                        >
                          {
                        </span>
                        <span
                          class="json-html-eol"
                        >
                          ...
                        </span>
                        <span
                          class="json-html-right"
                        >
                          }
                        </span>
                      </span>
                    </span>
                    <span
                      class="json-html-seperator"
                    >
                      ,
                    </span>
                  </li>
                  <li>
                    <span
                      class="json-html-key"
                    >
                      <span
                        class="json-html-string"
                      >
                        inner2
                      </span>
                    </span>
                    <span
                      class="json-html-seperator"
                    >
                      :
                    </span>
                    <span
                      class="json-html-value"
                    >
                      <span
                        class="json-html-eol-container"
                      >
                        <span
                          class="json-html-keyword"
                        >
                          Map
                        </span>
                        <span
                          class="json-html-left"
                        >
                          {
                        </span>
                        <span
                          class="json-html-eol"
                        >
                          ...
                        </span>
                        <span
                          class="json-html-right"
                        >
                          }
                        </span>
                      </span>
                    </span>
                    <span
                      class="json-html-seperator"
                    >
                      ,
                    </span>
                  </li>
                  <li>
                    <span
                      class="json-html-key"
                    >
                      <span
                        class="json-html-string"
                      >
                        inner3
                      </span>
                    </span>
                    <span
                      class="json-html-seperator"
                    >
                      :
                    </span>
                    <span
                      class="json-html-value"
                    >
                      <span
                        class="json-html-eol-container"
                      >
                        <span
                          class="json-html-keyword"
                        >
                          Set
                        </span>
                        <span
                          class="json-html-left"
                        >
                          {
                        </span>
                        <span
                          class="json-html-eol"
                        >
                          ...
                        </span>
                        <span
                          class="json-html-right"
                        >
                          }
                        </span>
                      </span>
                    </span>
                  </li>
                </ul>
              </div>
              <span
                class="json-html-end-bracket"
              >
                }
              </span>
            </div>
          </span>
          <span
            class="json-html-seperator"
          >
            ,
          </span>
        </li>
        <li>
          <span
            class="json-html-key"
          >
            <span
              class="json-html-string"
            >
              map
            </span>
          </span>
          <span
            class="json-html-seperator"
          >
            :
          </span>
          <span
            class="json-html-value"
          >
            <div
              class="json-html-map"
            >
              <span
                class="json-html-keyword"
              >
                Map
              </span>
              <span
                class="json-html-start-bracket"
              >
                {
              </span>
              <div
                class="json-html-body-container"
              >
                <ul
                  class="json-html-body"
                >
                  <li>
                    <span
                      class="json-html-key"
                    >
                      <span
                        class="json-html-string"
                      >
                        test
                      </span>
                    </span>
                    <span
                      class="json-html-seperator"
                    >
                      :
                    </span>
                    <span
                      class="json-html-value"
                    >
                      <span
                        class="json-html-string"
                      >
                        x
                      </span>
                    </span>
                  </li>
                </ul>
              </div>
              <span
                class="json-html-end-bracket"
              >
                }
              </span>
            </div>
          </span>
          <span
            class="json-html-seperator"
          >
            ,
          </span>
        </li>
        <li>
          <span
            class="json-html-key"
          >
            <span
              class="json-html-string"
            >
              set
            </span>
          </span>
          <span
            class="json-html-seperator"
          >
            :
          </span>
          <span
            class="json-html-value"
          >
            <div
              class="json-html-set"
            >
              <span
                class="json-html-keyword"
              >
                Set
              </span>
              <span
                class="json-html-start-bracket"
              >
                {
              </span>
              <div
                class="json-html-body-container"
              >
                <ul
                  class="json-html-body"
                >
                  <li>
                    <span
                      class="json-html-value"
                    >
                      <span
                        class="json-html-string"
                      >
                        was
                      </span>
                    </span>
                    <span
                      class="json-html-seperator"
                    >
                      ,
                    </span>
                  </li>
                  <li>
                    <span
                      class="json-html-value"
                    >
                      <span
                        class="json-html-string"
                      >
                        wo
                      </span>
                    </span>
                  </li>
                </ul>
              </div>
              <span
                class="json-html-end-bracket"
              >
                }
              </span>
            </div>
          </span>
          <span
            class="json-html-seperator"
          >
            ,
          </span>
        </li>
        <li>
          <span
            class="json-html-key"
          >
            <span
              class="json-html-string"
            >
              cyclic
            </span>
          </span>
          <span
            class="json-html-seperator"
          >
            :
          </span>
          <span
            class="json-html-value"
          >
            <div
              class="json-html-object"
            >
              <span
                class="json-html-start-bracket"
              >
                {
              </span>
              <div
                class="json-html-body-container"
              >
                <ul
                  class="json-html-body"
                >
                  <li>
                    <span
                      class="json-html-key"
                    >
                      <span
                        class="json-html-string"
                      >
                        test
                      </span>
                    </span>
                    <span
                      class="json-html-seperator"
                    >
                      :
                    </span>
                    <span
                      class="json-html-value"
                    >
                      <span
                        class="json-html-string"
                      >
                        was
                      </span>
                    </span>
                    <span
                      class="json-html-seperator"
                    >
                      ,
                    </span>
                  </li>
                  <li>
                    <span
                      class="json-html-key"
                    >
                      <span
                        class="json-html-string"
                      >
                        moo
                      </span>
                    </span>
                    <span
                      class="json-html-seperator"
                    >
                      :
                    </span>
                    <span
                      class="json-html-value"
                    >
                      <span
                        class="json-html-eol-container"
                      >
                        <span
                          class="json-html-left"
                        >
                          [
                        </span>
                        <span
                          class="json-html-eol"
                        >
                          ...
                        </span>
                        <span
                          class="json-html-right"
                        >
                          ]
                        </span>
                      </span>
                    </span>
                    <span
                      class="json-html-seperator"
                    >
                      ,
                    </span>
                  </li>
                  <li>
                    <span
                      class="json-html-key"
                    >
                      <span
                        class="json-html-string"
                      >
                        inner
                      </span>
                    </span>
                    <span
                      class="json-html-seperator"
                    >
                      :
                    </span>
                    <span
                      class="json-html-value"
                    >
                      <span
                        class="json-html-eol-container"
                      >
                        <span
                          class="json-html-left"
                        >
                          {
                        </span>
                        <span
                          class="json-html-eol"
                        >
                          ...
                        </span>
                        <span
                          class="json-html-right"
                        >
                          }
                        </span>
                      </span>
                    </span>
                    <span
                      class="json-html-seperator"
                    >
                      ,
                    </span>
                  </li>
                  <li>
                    <span
                      class="json-html-key"
                    >
                      <span
                        class="json-html-string"
                      >
                        map
                      </span>
                    </span>
                    <span
                      class="json-html-seperator"
                    >
                      :
                    </span>
                    <span
                      class="json-html-value"
                    >
                      <span
                        class="json-html-eol-container"
                      >
                        <span
                          class="json-html-keyword"
                        >
                          Map
                        </span>
                        <span
                          class="json-html-left"
                        >
                          {
                        </span>
                        <span
                          class="json-html-eol"
                        >
                          ...
                        </span>
                        <span
                          class="json-html-right"
                        >
                          }
                        </span>
                      </span>
                    </span>
                    <span
                      class="json-html-seperator"
                    >
                      ,
                    </span>
                  </li>
                  <li>
                    <span
                      class="json-html-key"
                    >
                      <span
                        class="json-html-string"
                      >
                        set
                      </span>
                    </span>
                    <span
                      class="json-html-seperator"
                    >
                      :
                    </span>
                    <span
                      class="json-html-value"
                    >
                      <span
                        class="json-html-eol-container"
                      >
                        <span
                          class="json-html-keyword"
                        >
                          Set
                        </span>
                        <span
                          class="json-html-left"
                        >
                          {
                        </span>
                        <span
                          class="json-html-eol"
                        >
                          ...
                        </span>
                        <span
                          class="json-html-right"
                        >
                          }
                        </span>
                      </span>
                    </span>
                    <span
                      class="json-html-seperator"
                    >
                      ,
                    </span>
                  </li>
                  <li>
                    <span
                      class="json-html-key"
                    >
                      <span
                        class="json-html-string"
                      >
                        cyclic
                      </span>
                    </span>
                    <span
                      class="json-html-seperator"
                    >
                      :
                    </span>
                    <span
                      class="json-html-value"
                    >
                      <span
                        class="json-html-eol-container"
                      >
                        <span
                          class="json-html-left"
                        >
                          {
                        </span>
                        <span
                          class="json-html-eol"
                        >
                          ...
                        </span>
                        <span
                          class="json-html-right"
                        >
                          }
                        </span>
                      </span>
                    </span>
                  </li>
                </ul>
              </div>
              <span
                class="json-html-end-bracket"
              >
                }
              </span>
            </div>
          </span>
        </li>
      </ul>
    </div>
    <span
      class="json-html-end-bracket"
    >
      }
    </span>
  </div>
</div>
`;

exports[`transform null + undefined 1`] = `
<div
  class="json-html-container json-html-default"
>
  <div
    class="json-html-object"
  >
    <span
      class="json-html-start-bracket"
    >
      {
    </span>
    <div
      class="json-html-body-container"
    >
      <ul
        class="json-html-body"
      >
        <li>
          <span
            class="json-html-key"
          >
            <span
              class="json-html-string"
            >
              bar1
            </span>
          </span>
          <span
            class="json-html-seperator"
          >
            :
          </span>
          <span
            class="json-html-value"
          >
            <span
              class="json-html-undefined"
            >
              undefined
            </span>
          </span>
          <span
            class="json-html-seperator"
          >
            ,
          </span>
        </li>
        <li>
          <span
            class="json-html-key"
          >
            <span
              class="json-html-string"
            >
              bar2
            </span>
          </span>
          <span
            class="json-html-seperator"
          >
            :
          </span>
          <span
            class="json-html-value"
          >
            <span
              class="json-html-null"
            >
              null
            </span>
          </span>
        </li>
      </ul>
    </div>
    <span
      class="json-html-end-bracket"
    >
      }
    </span>
  </div>
</div>
`;

exports[`transform primitive 1`] = `
<div
  class="json-html-container json-html-default"
>
  <span
    class="json-html-string"
  >
    test
  </span>
</div>
`;

exports[`transform simple 1`] = `
<div
  class="json-html-container json-html-default"
>
  <div
    class="json-html-object"
  >
    <span
      class="json-html-start-bracket"
    >
      {
    </span>
    <div
      class="json-html-body-container"
    >
      <ul
        class="json-html-body"
      >
        <li>
          <span
            class="json-html-key"
          >
            <span
              class="json-html-string"
            >
              test
            </span>
          </span>
          <span
            class="json-html-seperator"
          >
            :
          </span>
          <span
            class="json-html-value"
          >
            <span
              class="json-html-string"
            >
              was
            </span>
          </span>
        </li>
      </ul>
    </div>
    <span
      class="json-html-end-bracket"
    >
      }
    </span>
  </div>
</div>
`;

exports[`transform too big array 1`] = `
<div
  class="json-html-container json-html-default"
>
  <div
    class="json-html-object"
  >
    <span
      class="json-html-start-bracket"
    >
      {
    </span>
    <div
      class="json-html-body-container"
    >
      <ul
        class="json-html-body"
      >
        <li>
          <span
            class="json-html-key"
          >
            <span
              class="json-html-string"
            >
              toBigArray
            </span>
          </span>
          <span
            class="json-html-seperator"
          >
            :
          </span>
          <span
            class="json-html-value"
          >
            <div
              class="json-html-array"
            >
              <span
                class="json-html-start-bracket"
              >
                [
              </span>
              <div
                class="json-html-body-container"
              >
                <ul
                  class="json-html-body"
                >
                  <li>
                    <span
                      class="json-html-value"
                    >
                      <span
                        class="json-html-string"
                      >
                        x0
                      </span>
                    </span>
                    <span
                      class="json-html-seperator"
                    >
                      ,
                    </span>
                  </li>
                  <li>
                    <span
                      class="json-html-value"
                    >
                      <span
                        class="json-html-string"
                      >
                        x1
                      </span>
                    </span>
                    <span
                      class="json-html-seperator"
                    >
                      ,
                    </span>
                  </li>
                  <li>
                    <span
                      class="json-html-value"
                    >
                      <span
                        class="json-html-string"
                      >
                        x2
                      </span>
                    </span>
                    <span
                      class="json-html-seperator"
                    >
                      ,
                    </span>
                  </li>
                  <li>
                    <span
                      class="json-html-value"
                    >
                      <span
                        class="json-html-string"
                      >
                        x3
                      </span>
                    </span>
                    <span
                      class="json-html-seperator"
                    >
                      ,
                    </span>
                  </li>
                  <li>
                    <span
                      class="json-html-value"
                    >
                      <span
                        class="json-html-string"
                      >
                        x4
                      </span>
                    </span>
                    <span
                      class="json-html-seperator"
                    >
                      ,
                    </span>
                  </li>
                  <li>
                    <span
                      class="json-html-value"
                    >
                      <span
                        class="json-html-string"
                      >
                        x5
                      </span>
                    </span>
                    <span
                      class="json-html-seperator"
                    >
                      ,
                    </span>
                  </li>
                  <li>
                    <span
                      class="json-html-value"
                    >
                      <span
                        class="json-html-string"
                      >
                        x6
                      </span>
                    </span>
                    <span
                      class="json-html-seperator"
                    >
                      ,
                    </span>
                  </li>
                  <li>
                    <span
                      class="json-html-value"
                    >
                      <span
                        class="json-html-string"
                      >
                        x7
                      </span>
                    </span>
                    <span
                      class="json-html-seperator"
                    >
                      ,
                    </span>
                  </li>
                  <li>
                    <span
                      class="json-html-value"
                    >
                      <span
                        class="json-html-string"
                      >
                        x8
                      </span>
                    </span>
                    <span
                      class="json-html-seperator"
                    >
                      ,
                    </span>
                  </li>
                  <li>
                    <span
                      class="json-html-value"
                    >
                      <span
                        class="json-html-string"
                      >
                        x9
                      </span>
                    </span>
                    <span
                      class="json-html-seperator"
                    >
                      ,
                    </span>
                  </li>
                  <li>
                    <span
                      class="json-html-value"
                    >
                      <span
                        class="json-html-string"
                      >
                        x10
                      </span>
                    </span>
                    <span
                      class="json-html-seperator"
                    >
                      ,
                    </span>
                  </li>
                  <li>
                    <span
                      class="json-html-eol"
                    >
                      ...
                    </span>
                  </li>
                </ul>
              </div>
              <span
                class="json-html-end-bracket"
              >
                ]
              </span>
            </div>
          </span>
        </li>
      </ul>
    </div>
    <span
      class="json-html-end-bracket"
    >
      }
    </span>
  </div>
</div>
`;

exports[`transform too big map 1`] = `
<div
  class="json-html-container json-html-default"
>
  <div
    class="json-html-map"
  >
    <span
      class="json-html-keyword"
    >
      Map
    </span>
    <span
      class="json-html-start-bracket"
    >
      {
    </span>
    <div
      class="json-html-body-container"
    >
      <ul
        class="json-html-body"
      >
        <li>
          <span
            class="json-html-key"
          >
            <span
              class="json-html-string"
            >
              x0
            </span>
          </span>
          <span
            class="json-html-seperator"
          >
            :
          </span>
          <span
            class="json-html-value"
          >
            <span
              class="json-html-string"
            >
              vx0
            </span>
          </span>
          <span
            class="json-html-seperator"
          >
            ,
          </span>
        </li>
        <li>
          <span
            class="json-html-key"
          >
            <span
              class="json-html-string"
            >
              x1
            </span>
          </span>
          <span
            class="json-html-seperator"
          >
            :
          </span>
          <span
            class="json-html-value"
          >
            <span
              class="json-html-string"
            >
              vx1
            </span>
          </span>
          <span
            class="json-html-seperator"
          >
            ,
          </span>
        </li>
        <li>
          <span
            class="json-html-key"
          >
            <span
              class="json-html-string"
            >
              x2
            </span>
          </span>
          <span
            class="json-html-seperator"
          >
            :
          </span>
          <span
            class="json-html-value"
          >
            <span
              class="json-html-string"
            >
              vx2
            </span>
          </span>
          <span
            class="json-html-seperator"
          >
            ,
          </span>
        </li>
        <li>
          <span
            class="json-html-key"
          >
            <span
              class="json-html-string"
            >
              x3
            </span>
          </span>
          <span
            class="json-html-seperator"
          >
            :
          </span>
          <span
            class="json-html-value"
          >
            <span
              class="json-html-string"
            >
              vx3
            </span>
          </span>
          <span
            class="json-html-seperator"
          >
            ,
          </span>
        </li>
        <li>
          <span
            class="json-html-key"
          >
            <span
              class="json-html-string"
            >
              x4
            </span>
          </span>
          <span
            class="json-html-seperator"
          >
            :
          </span>
          <span
            class="json-html-value"
          >
            <span
              class="json-html-string"
            >
              vx4
            </span>
          </span>
          <span
            class="json-html-seperator"
          >
            ,
          </span>
        </li>
        <li>
          <span
            class="json-html-key"
          >
            <span
              class="json-html-string"
            >
              x5
            </span>
          </span>
          <span
            class="json-html-seperator"
          >
            :
          </span>
          <span
            class="json-html-value"
          >
            <span
              class="json-html-string"
            >
              vx5
            </span>
          </span>
          <span
            class="json-html-seperator"
          >
            ,
          </span>
        </li>
        <li>
          <span
            class="json-html-key"
          >
            <span
              class="json-html-string"
            >
              x6
            </span>
          </span>
          <span
            class="json-html-seperator"
          >
            :
          </span>
          <span
            class="json-html-value"
          >
            <span
              class="json-html-string"
            >
              vx6
            </span>
          </span>
          <span
            class="json-html-seperator"
          >
            ,
          </span>
        </li>
        <li>
          <span
            class="json-html-key"
          >
            <span
              class="json-html-string"
            >
              x7
            </span>
          </span>
          <span
            class="json-html-seperator"
          >
            :
          </span>
          <span
            class="json-html-value"
          >
            <span
              class="json-html-string"
            >
              vx7
            </span>
          </span>
          <span
            class="json-html-seperator"
          >
            ,
          </span>
        </li>
        <li>
          <span
            class="json-html-key"
          >
            <span
              class="json-html-string"
            >
              x8
            </span>
          </span>
          <span
            class="json-html-seperator"
          >
            :
          </span>
          <span
            class="json-html-value"
          >
            <span
              class="json-html-string"
            >
              vx8
            </span>
          </span>
          <span
            class="json-html-seperator"
          >
            ,
          </span>
        </li>
        <li>
          <span
            class="json-html-key"
          >
            <span
              class="json-html-string"
            >
              x9
            </span>
          </span>
          <span
            class="json-html-seperator"
          >
            :
          </span>
          <span
            class="json-html-value"
          >
            <span
              class="json-html-string"
            >
              vx9
            </span>
          </span>
          <span
            class="json-html-seperator"
          >
            ,
          </span>
        </li>
        <li>
          <span
            class="json-html-key"
          >
            <span
              class="json-html-string"
            >
              x10
            </span>
          </span>
          <span
            class="json-html-seperator"
          >
            :
          </span>
          <span
            class="json-html-value"
          >
            <span
              class="json-html-string"
            >
              vx10
            </span>
          </span>
          <span
            class="json-html-seperator"
          >
            ,
          </span>
        </li>
        <li>
          <span
            class="json-html-eol"
          >
            ...
          </span>
        </li>
      </ul>
    </div>
    <span
      class="json-html-end-bracket"
    >
      }
    </span>
  </div>
</div>
`;

exports[`transform too big object 1`] = `
<div
  class="json-html-container json-html-default"
>
  <div
    class="json-html-object"
  >
    <span
      class="json-html-start-bracket"
    >
      {
    </span>
    <div
      class="json-html-body-container"
    >
      <ul
        class="json-html-body"
      >
        <li>
          <span
            class="json-html-key"
          >
            <span
              class="json-html-string"
            >
              x0
            </span>
          </span>
          <span
            class="json-html-seperator"
          >
            :
          </span>
          <span
            class="json-html-value"
          >
            <span
              class="json-html-string"
            >
              vx0
            </span>
          </span>
          <span
            class="json-html-seperator"
          >
            ,
          </span>
        </li>
        <li>
          <span
            class="json-html-key"
          >
            <span
              class="json-html-string"
            >
              x1
            </span>
          </span>
          <span
            class="json-html-seperator"
          >
            :
          </span>
          <span
            class="json-html-value"
          >
            <span
              class="json-html-string"
            >
              vx1
            </span>
          </span>
          <span
            class="json-html-seperator"
          >
            ,
          </span>
        </li>
        <li>
          <span
            class="json-html-key"
          >
            <span
              class="json-html-string"
            >
              x2
            </span>
          </span>
          <span
            class="json-html-seperator"
          >
            :
          </span>
          <span
            class="json-html-value"
          >
            <span
              class="json-html-string"
            >
              vx2
            </span>
          </span>
          <span
            class="json-html-seperator"
          >
            ,
          </span>
        </li>
        <li>
          <span
            class="json-html-key"
          >
            <span
              class="json-html-string"
            >
              x3
            </span>
          </span>
          <span
            class="json-html-seperator"
          >
            :
          </span>
          <span
            class="json-html-value"
          >
            <span
              class="json-html-string"
            >
              vx3
            </span>
          </span>
          <span
            class="json-html-seperator"
          >
            ,
          </span>
        </li>
        <li>
          <span
            class="json-html-key"
          >
            <span
              class="json-html-string"
            >
              x4
            </span>
          </span>
          <span
            class="json-html-seperator"
          >
            :
          </span>
          <span
            class="json-html-value"
          >
            <span
              class="json-html-string"
            >
              vx4
            </span>
          </span>
          <span
            class="json-html-seperator"
          >
            ,
          </span>
        </li>
        <li>
          <span
            class="json-html-key"
          >
            <span
              class="json-html-string"
            >
              x5
            </span>
          </span>
          <span
            class="json-html-seperator"
          >
            :
          </span>
          <span
            class="json-html-value"
          >
            <span
              class="json-html-string"
            >
              vx5
            </span>
          </span>
          <span
            class="json-html-seperator"
          >
            ,
          </span>
        </li>
        <li>
          <span
            class="json-html-key"
          >
            <span
              class="json-html-string"
            >
              x6
            </span>
          </span>
          <span
            class="json-html-seperator"
          >
            :
          </span>
          <span
            class="json-html-value"
          >
            <span
              class="json-html-string"
            >
              vx6
            </span>
          </span>
          <span
            class="json-html-seperator"
          >
            ,
          </span>
        </li>
        <li>
          <span
            class="json-html-key"
          >
            <span
              class="json-html-string"
            >
              x7
            </span>
          </span>
          <span
            class="json-html-seperator"
          >
            :
          </span>
          <span
            class="json-html-value"
          >
            <span
              class="json-html-string"
            >
              vx7
            </span>
          </span>
          <span
            class="json-html-seperator"
          >
            ,
          </span>
        </li>
        <li>
          <span
            class="json-html-key"
          >
            <span
              class="json-html-string"
            >
              x8
            </span>
          </span>
          <span
            class="json-html-seperator"
          >
            :
          </span>
          <span
            class="json-html-value"
          >
            <span
              class="json-html-string"
            >
              vx8
            </span>
          </span>
          <span
            class="json-html-seperator"
          >
            ,
          </span>
        </li>
        <li>
          <span
            class="json-html-key"
          >
            <span
              class="json-html-string"
            >
              x9
            </span>
          </span>
          <span
            class="json-html-seperator"
          >
            :
          </span>
          <span
            class="json-html-value"
          >
            <span
              class="json-html-string"
            >
              vx9
            </span>
          </span>
          <span
            class="json-html-seperator"
          >
            ,
          </span>
        </li>
        <li>
          <span
            class="json-html-key"
          >
            <span
              class="json-html-string"
            >
              x10
            </span>
          </span>
          <span
            class="json-html-seperator"
          >
            :
          </span>
          <span
            class="json-html-value"
          >
            <span
              class="json-html-string"
            >
              vx10
            </span>
          </span>
          <span
            class="json-html-seperator"
          >
            ,
          </span>
        </li>
        <li>
          <span
            class="json-html-eol"
          >
            ...
          </span>
        </li>
      </ul>
    </div>
    <span
      class="json-html-end-bracket"
    >
      }
    </span>
  </div>
</div>
`;

exports[`transform too big set 1`] = `
<div
  class="json-html-container json-html-default"
>
  <div
    class="json-html-set"
  >
    <span
      class="json-html-keyword"
    >
      Set
    </span>
    <span
      class="json-html-start-bracket"
    >
      {
    </span>
    <div
      class="json-html-body-container"
    >
      <ul
        class="json-html-body"
      >
        <li>
          <span
            class="json-html-value"
          >
            <span
              class="json-html-string"
            >
              x0
            </span>
          </span>
          <span
            class="json-html-seperator"
          >
            ,
          </span>
        </li>
        <li>
          <span
            class="json-html-value"
          >
            <span
              class="json-html-string"
            >
              x1
            </span>
          </span>
          <span
            class="json-html-seperator"
          >
            ,
          </span>
        </li>
        <li>
          <span
            class="json-html-value"
          >
            <span
              class="json-html-string"
            >
              x2
            </span>
          </span>
          <span
            class="json-html-seperator"
          >
            ,
          </span>
        </li>
        <li>
          <span
            class="json-html-value"
          >
            <span
              class="json-html-string"
            >
              x3
            </span>
          </span>
          <span
            class="json-html-seperator"
          >
            ,
          </span>
        </li>
        <li>
          <span
            class="json-html-value"
          >
            <span
              class="json-html-string"
            >
              x4
            </span>
          </span>
          <span
            class="json-html-seperator"
          >
            ,
          </span>
        </li>
        <li>
          <span
            class="json-html-value"
          >
            <span
              class="json-html-string"
            >
              x5
            </span>
          </span>
          <span
            class="json-html-seperator"
          >
            ,
          </span>
        </li>
        <li>
          <span
            class="json-html-value"
          >
            <span
              class="json-html-string"
            >
              x6
            </span>
          </span>
          <span
            class="json-html-seperator"
          >
            ,
          </span>
        </li>
        <li>
          <span
            class="json-html-value"
          >
            <span
              class="json-html-string"
            >
              x7
            </span>
          </span>
          <span
            class="json-html-seperator"
          >
            ,
          </span>
        </li>
        <li>
          <span
            class="json-html-value"
          >
            <span
              class="json-html-string"
            >
              x8
            </span>
          </span>
          <span
            class="json-html-seperator"
          >
            ,
          </span>
        </li>
        <li>
          <span
            class="json-html-value"
          >
            <span
              class="json-html-string"
            >
              x9
            </span>
          </span>
          <span
            class="json-html-seperator"
          >
            ,
          </span>
        </li>
        <li>
          <span
            class="json-html-value"
          >
            <span
              class="json-html-string"
            >
              x10
            </span>
          </span>
          <span
            class="json-html-seperator"
          >
            ,
          </span>
        </li>
        <li>
          <span
            class="json-html-eol"
          >
            ...
          </span>
        </li>
      </ul>
    </div>
    <span
      class="json-html-end-bracket"
    >
      }
    </span>
  </div>
</div>
`;

exports[`transform use parseItem 1`] = `
<div
  class="json-html-container json-html-default"
>
  <div
    class="json-html-object"
  >
    <span
      class="json-html-start-bracket"
    >
      {
    </span>
    <div
      class="json-html-body-container"
    >
      <ul
        class="json-html-body"
      >
        <li>
          <span
            class="json-html-key"
          >
            <span
              class="json-html-string"
            >
              testmodified!!!
            </span>
          </span>
          <span
            class="json-html-seperator"
          >
            :
          </span>
          <span
            class="json-html-value"
          >
            <span
              class="json-html-string"
            >
              wasmodified!!!
            </span>
          </span>
        </li>
      </ul>
    </div>
    <span
      class="json-html-end-bracket"
    >
      }
    </span>
  </div>
</div>
`;
